// Jest Snapshot v1, https://goo.gl/fbAQLP

exports[`<RootLayout> should render component 1`] = `
<html
  lang="en"
>
  <body />
</html>
`;
