// Jest Snapshot v1, https://goo.gl/fbAQLP

exports[`<Home> page should return expected output 1`] = `
<div>
  page
</div>
`;
